

================================================================
== Vivado HLS Report for 'servo'
================================================================
* Date:           Mon Feb 17 18:08:10 2020

* Version:        2019.2 (Build 2704478 on Wed Nov 06 22:10:23 MST 2019)
* Project:        servo
* Solution:       servoSolution
* Product family: zynq
* Target device:  xc7z020-clg484-1


================================================================
== Performance Estimates
================================================================
+ Timing: 
    * Summary: 
    +--------+----------+----------+------------+
    |  Clock |  Target  | Estimated| Uncertainty|
    +--------+----------+----------+------------+
    |ap_clk  | 10.00 ns | 8.668 ns |   1.25 ns  |
    +--------+----------+----------+------------+

+ Latency: 
    * Summary: 
    +---------+---------+-----------+-----------+-----+-----+---------+
    |  Latency (cycles) |   Latency (absolute)  |  Interval | Pipeline|
    |   min   |   max   |    min    |    max    | min | max |   Type  |
    +---------+---------+-----------+-----------+-----+-----+---------+
    |        1|        1| 10.000 ns | 10.000 ns |    1|    1|   none  |
    +---------+---------+-----------+-----------+-----+-----+---------+

    + Detail: 
        * Instance: 
        N/A

        * Loop: 
        N/A



================================================================
== Utilization Estimates
================================================================
* Summary: 
+-----------------+---------+-------+--------+-------+-----+
|       Name      | BRAM_18K| DSP48E|   FF   |  LUT  | URAM|
+-----------------+---------+-------+--------+-------+-----+
|DSP              |        -|      -|       -|      -|    -|
|Expression       |        -|      -|       0|    250|    -|
|FIFO             |        -|      -|       -|      -|    -|
|Instance         |        -|      -|       -|      -|    -|
|Memory           |        -|      -|       -|      -|    -|
|Multiplexer      |        -|      -|       -|     15|    -|
|Register         |        -|      -|      44|      -|    -|
+-----------------+---------+-------+--------+-------+-----+
|Total            |        0|      0|      44|    265|    0|
+-----------------+---------+-------+--------+-------+-----+
|Available        |      280|    220|  106400|  53200|    0|
+-----------------+---------+-------+--------+-------+-----+
|Utilization (%)  |        0|      0|   ~0   |   ~0  |    0|
+-----------------+---------+-------+--------+-------+-----+

+ Detail: 
    * Instance: 
    N/A

    * DSP48E: 
    N/A

    * Memory: 
    N/A

    * FIFO: 
    N/A

    * Expression: 
    +-------------------------+----------+-------+---+----+------------+------------+
    |      Variable Name      | Operation| DSP48E| FF| LUT| Bitwidth P0| Bitwidth P1|
    +-------------------------+----------+-------+---+----+------------+------------+
    |add_ln10_fu_106_p2       |     +    |      0|  0|  15|           8|           2|
    |add_ln14_fu_160_p2       |     +    |      0|  0|  15|           8|           1|
    |add_ln21_fu_253_p2       |     +    |      0|  0|  15|           9|           9|
    |add_ln22_fu_264_p2       |     +    |      0|  0|  15|           8|           8|
    |sub_ln17_fu_204_p2       |     -    |      0|  0|  15|           9|           9|
    |sub_ln18_fu_215_p2       |     -    |      0|  0|  15|           8|           8|
    |and_ln13_fu_154_p2       |    and   |      0|  0|   2|           1|           1|
    |and_ln17_fu_231_p2       |    and   |      0|  0|   2|           1|           1|
    |and_ln21_fu_283_p2       |    and   |      0|  0|   2|           1|           1|
    |icmp_ln13_1_fu_148_p2    |   icmp   |      0|  0|  11|           5|           1|
    |icmp_ln13_fu_132_p2      |   icmp   |      0|  0|  11|           8|           1|
    |icmp_ln17_1_fu_210_p2    |   icmp   |      0|  0|  13|           9|           7|
    |icmp_ln17_fu_180_p2      |   icmp   |      0|  0|  11|           8|           1|
    |icmp_ln21_1_fu_258_p2    |   icmp   |      0|  0|  13|           9|           8|
    |icmp_ln21_fu_243_p2      |   icmp   |      0|  0|  11|           8|           1|
    |icmp_ln9_1_fu_94_p2      |   icmp   |      0|  0|  11|           8|           1|
    |icmp_ln9_fu_84_p2        |   icmp   |      0|  0|  11|           8|           1|
    |or_ln13_fu_166_p2        |    or    |      0|  0|   2|           1|           1|
    |or_ln21_fu_289_p2        |    or    |      0|  0|   2|           1|           1|
    |or_ln9_1_fu_112_p2       |    or    |      0|  0|   2|           1|           1|
    |or_ln9_fu_100_p2         |    or    |      0|  0|   2|           1|           1|
    |p_dutyCycle              |  select  |      0|  0|   8|           1|           8|
    |select_ln13_fu_172_p3    |  select  |      0|  0|   8|           1|           8|
    |select_ln17_1_fu_237_p3  |  select  |      0|  0|   8|           1|           8|
    |select_ln17_fu_219_p3    |  select  |      0|  0|   8|           1|           8|
    |select_ln21_fu_269_p3    |  select  |      0|  0|   8|           1|           8|
    |select_ln9_fu_124_p3     |  select  |      0|  0|   8|           1|           8|
    |xor_ln17_fu_226_p2       |    xor   |      0|  0|   2|           1|           2|
    |xor_ln21_fu_277_p2       |    xor   |      0|  0|   2|           1|           2|
    |xor_ln9_fu_118_p2        |    xor   |      0|  0|   2|           1|           2|
    +-------------------------+----------+-------+---+----+------------+------------+
    |Total                    |          |      0|  0| 250|         129|         119|
    +-------------------------+----------+-------+---+----+------------+------------+

    * Multiplexer: 
    +-----------+----+-----------+-----+-----------+
    |    Name   | LUT| Input Size| Bits| Total Bits|
    +-----------+----+-----------+-----+-----------+
    |ap_NS_fsm  |  15|          3|    1|          3|
    +-----------+----+-----------+-----+-----------+
    |Total      |  15|          3|    1|          3|
    +-----------+----+-----------+-----+-----------+

    * Register: 
    +---------------------+---+----+-----+-----------+
    |         Name        | FF| LUT| Bits| Const Bits|
    +---------------------+---+----+-----+-----------+
    |ap_CS_fsm            |  2|   0|    2|          0|
    |current_duty_cycle   |  8|   0|    8|          0|
    |current_speed        |  8|   0|    8|          0|
    |icmp_ln17_reg_320    |  1|   0|    1|          0|
    |select_ln13_reg_313  |  8|   0|    8|          0|
    |sub_ln17_reg_338     |  9|   0|    9|          0|
    |zext_ln17_1_reg_333  |  8|   0|    9|          1|
    +---------------------+---+----+-----+-----------+
    |Total                | 44|   0|   45|          1|
    +---------------------+---+----+-----+-----------+



================================================================
== Interface
================================================================
* Summary: 
+--------------------+-----+-----+------------+--------------+--------------+
|      RTL Ports     | Dir | Bits|  Protocol  | Source Object|    C Type    |
+--------------------+-----+-----+------------+--------------+--------------+
|ap_clk              |  in |    1| ap_ctrl_hs |     servo    | return value |
|ap_rst              |  in |    1| ap_ctrl_hs |     servo    | return value |
|ap_start            |  in |    1| ap_ctrl_hs |     servo    | return value |
|ap_done             | out |    1| ap_ctrl_hs |     servo    | return value |
|ap_idle             | out |    1| ap_ctrl_hs |     servo    | return value |
|ap_ready            | out |    1| ap_ctrl_hs |     servo    | return value |
|p_up                |  in |    8|   ap_none  |     p_up     |    pointer   |
|p_down              |  in |    8|   ap_none  |    p_down    |    pointer   |
|p_left              |  in |    8|   ap_none  |    p_left    |    pointer   |
|p_right             |  in |    8|   ap_none  |    p_right   |    pointer   |
|p_dutyCycle         | out |    8|   ap_vld   |  p_dutyCycle |    pointer   |
|p_dutyCycle_ap_vld  | out |    1|   ap_vld   |  p_dutyCycle |    pointer   |
|p_speed             | out |    8|   ap_vld   |    p_speed   |    pointer   |
|p_speed_ap_vld      | out |    1|   ap_vld   |    p_speed   |    pointer   |
+--------------------+-----+-----+------------+--------------+--------------+

