#-----------------------------------------------------------
# Vivado v2019.2 (64-bit)
# SW Build 2708876 on Wed Nov  6 21:40:23 MST 2019
# IP Build 2700528 on Thu Nov  7 00:09:20 MST 2019
# Start of session at: Tue Jan 28 17:25:04 2020
# Process ID: 6608
# Current directory: C:/fpga/pmul_hw
# Command line: vivado.exe -gui_launcher_event rodinguilauncherevent1760 C:\fpga\pmul_hw\pmul_hw.xpr
# Log file: C:/fpga/pmul_hw/vivado.log
# Journal file: C:/fpga/pmul_hw\vivado.jou
#-----------------------------------------------------------
start_gui
open_project C:/fpga/pmul_hw/pmul_hw.xpr
update_compile_order -fileset sources_1
reset_run impl_1 -prev_step 
launch_runs impl_1 -to_step write_bitstream -jobs 8
wait_on_run impl_1
open_hw_manager
connect_hw_server -allow_non_jtag
disconnect_hw_server localhost:3121
connect_hw_server -allow_non_jtag
disconnect_hw_server localhost:3121
connect_hw_server -allow_non_jtag
disconnect_hw_server localhost:3121
connect_hw_server -allow_non_jtag
disconnect_hw_server localhost:3121
connect_hw_server -allow_non_jtag
disconnect_hw_server localhost:3121
connect_hw_server -allow_non_jtag
disconnect_hw_server localhost:3121
connect_hw_server -allow_non_jtag
open_hw_target
set_property PROGRAM.FILE {C:/fpga/pmul_hw/pmul_hw.runs/impl_1/top.bit} [get_hw_devices xc7z020_1]
current_hw_device [get_hw_devices xc7z020_1]
refresh_hw_device -update_hw_probes false [lindex [get_hw_devices xc7z020_1] 0]
set_property PROBES.FILE {} [get_hw_devices xc7z020_1]
set_property FULL_PROBES.FILE {} [get_hw_devices xc7z020_1]
set_property PROGRAM.FILE {C:/fpga/pmul_hw/pmul_hw.runs/impl_1/top.bit} [get_hw_devices xc7z020_1]
program_hw_devices [get_hw_devices xc7z020_1]
refresh_hw_device [lindex [get_hw_devices xc7z020_1] 0]
close_hw_manager
reset_run synth_1
launch_runs impl_1 -to_step write_bitstream -jobs 8
wait_on_run impl_1
reset_run synth_1
launch_runs impl_1 -to_step write_bitstream -jobs 8
wait_on_run impl_1
open_hw_manager
connect_hw_server -allow_non_jtag
open_hw_target
set_property PROGRAM.FILE {C:/fpga/pmul_hw/pmul_hw.runs/impl_1/top.bit} [get_hw_devices xc7z020_1]
current_hw_device [get_hw_devices xc7z020_1]
refresh_hw_device -update_hw_probes false [lindex [get_hw_devices xc7z020_1] 0]
set_property PROBES.FILE {} [get_hw_devices xc7z020_1]
set_property FULL_PROBES.FILE {} [get_hw_devices xc7z020_1]
set_property PROGRAM.FILE {C:/fpga/pmul_hw/pmul_hw.runs/impl_1/top.bit} [get_hw_devices xc7z020_1]
program_hw_devices [get_hw_devices xc7z020_1]
refresh_hw_device [lindex [get_hw_devices xc7z020_1] 0]
close_hw_manager
